hduser@samkit-laptop:/home/samkit5495$ jps
15510 SecondaryNameNode
15287 DataNode
15802 NodeManager
16155 Jps
15163 NameNode
15677 ResourceManager

hduser@samkit-laptop:/home/samkit5495$ hdfs dfs -mkdir /ass6

hduser@samkit-laptop:/home/samkit5495$ hdfs dfs -copyFromLocal sample6.txt /ass6 

hduser@samkit-laptop:/home/samkit5495$ hdfs dfs -ls /ass6
Found 1 items
-rw-r--r--   1 hduser supergroup        713 2017-03-14 21:48 /ass6/sample6.txt

hduser@samkit-laptop:/home/samkit5495$ hdfs dfs -cat /ass6/sample6.txt

14,5,84,9,7,4,44,5,84,9
4,39,79,44,5,88,4,50,53,4
45,59,67,3,76,3,0,4,6,19
7,9,6,9,27,0,0,14,53,64
8,66,4,67,1,3,0,7,93,56
77,41,56,12,10,4,7,23,7,99
10,89,45,123,78,41,23,12,10,49
7,5,22,14,78,43,55,41,10,13
41,45,13,15,19,57,66,55,44,50
44,888,89,49,27,48,33,88,84,65
144,5,84,9,7,4,44,5,84,9
4,396,79,44,5,88,4,50,53,4
45,598,67,3,76,3,0,4,6,19
7,9,6,96,27,0,0,14,53,64
87,66,4,67,1,3,0,7,93,56
79,41,56,12,10,4,7,23,7,99
100,89,45,123,78,41,23,12,10,49
7,501,22,14,78,43,55,41,10,13
414,451,13,15,19,57,66,55,44,50
444,1,89,49,27,48,33,88,84,65
447,39,79,44,5,88,4,50,53,4
45,596,67,3,76,3,0,4,6,19
787,999,6,9,27,0,0,14,539,64
8,66,4,67,1,3,0,7,936,5654
777,541,56,12,10,4,7,23,7,99
hduser@samkit-laptop:/home/samkit5495$ hadoop jar exp6.jar exp6.MaxCount /ass6/sample6.txt /ass6/output

17/03/14 22:20:06 INFO Configuration.deprecation: session.id is deprecated. Instead, use dfs.metrics.session-id
17/03/14 22:20:06 INFO jvm.JvmMetrics: Initializing JVM Metrics with processName=JobTracker, sessionId=
17/03/14 22:20:07 INFO input.FileInputFormat: Total input paths to process : 1
17/03/14 22:20:07 INFO mapreduce.JobSubmitter: number of splits:1
17/03/14 22:20:07 INFO mapreduce.JobSubmitter: Submitting tokens for job: job_local1994073196_0001
17/03/14 22:20:08 INFO mapreduce.Job: The url to track the job: http://localhost:8080/
17/03/14 22:20:08 INFO mapreduce.Job: Running job: job_local1994073196_0001
17/03/14 22:20:08 INFO mapred.LocalJobRunner: OutputCommitter set in config null
17/03/14 22:20:08 INFO output.FileOutputCommitter: File Output Committer Algorithm version is 1
17/03/14 22:20:08 INFO mapred.LocalJobRunner: OutputCommitter is org.apache.hadoop.mapreduce.lib.output.FileOutputCommitter
17/03/14 22:20:08 INFO mapred.LocalJobRunner: Waiting for map tasks
17/03/14 22:20:08 INFO mapred.LocalJobRunner: Starting task: attempt_local1994073196_0001_m_000000_0
17/03/14 22:20:08 INFO output.FileOutputCommitter: File Output Committer Algorithm version is 1
17/03/14 22:20:08 INFO mapred.Task:  Using ResourceCalculatorProcessTree : [ ]
17/03/14 22:20:08 INFO mapred.MapTask: Processing split: hdfs://localhost:54310/ass6/sample6.txt:0+713
14,5,84,9,7,4,44,5,84,9
14
5
4,39,79,44,5,88,4,50,53,4
4
39
45,59,67,3,76,3,0,4,6,19
45
59
7,9,6,9,27,0,0,14,53,64
7
9
8,66,4,67,1,3,0,7,93,56
8
66
77,41,56,12,10,4,7,23,7,99
77
41
10,89,45,123,78,41,23,12,10,49
10
89
7,5,22,14,78,43,55,41,10,13
7
5
41,45,13,15,19,57,66,55,44,50
41
45
44,888,89,49,27,48,33,88,84,65
44
888
144,5,84,9,7,4,44,5,84,9
144
5
4,396,79,44,5,88,4,50,53,4
4
396
45,598,67,3,76,3,0,4,6,19
45
598
7,9,6,96,27,0,0,14,53,64
7
9
87,66,4,67,1,3,0,7,93,56
87
66
79,41,56,12,10,4,7,23,7,99
79
41
100,89,45,123,78,41,23,12,10,49
100
89
7,501,22,14,78,43,55,41,10,13
7
501
414,451,13,15,19,57,66,55,44,50
414
451
444,1,89,49,27,48,33,88,84,65
444
1
447,39,79,44,5,88,4,50,53,4
447
39
45,596,67,3,76,3,0,4,6,19
45
596
787,999,6,9,27,0,0,14,539,64
787
999
8,66,4,67,1,3,0,7,936,5654
8
66
777,541,56,12,10,4,7,23,7,99
777
541
17/03/14 22:20:08 INFO mapred.LocalJobRunner: 
17/03/14 22:20:09 INFO mapred.Task: Task:attempt_local1994073196_0001_m_000000_0 is done. And is in the process of committing
17/03/14 22:20:09 INFO mapred.LocalJobRunner: 
17/03/14 22:20:09 INFO mapred.Task: Task attempt_local1994073196_0001_m_000000_0 is allowed to commit now
17/03/14 22:20:09 INFO output.FileOutputCommitter: Saved output of task 'attempt_local1994073196_0001_m_000000_0' to hdfs://localhost:54310/ass6/output/_temporary/0/task_local1994073196_0001_m_000000
17/03/14 22:20:09 INFO mapred.LocalJobRunner: map
17/03/14 22:20:09 INFO mapred.Task: Task 'attempt_local1994073196_0001_m_000000_0' done.
17/03/14 22:20:09 INFO mapred.LocalJobRunner: Finishing task: attempt_local1994073196_0001_m_000000_0
17/03/14 22:20:09 INFO mapred.LocalJobRunner: map task executor complete.
17/03/14 22:20:09 INFO mapreduce.Job: Job job_local1994073196_0001 running in uber mode : false
17/03/14 22:20:09 INFO mapreduce.Job:  map 100% reduce 0%
17/03/14 22:20:09 INFO mapreduce.Job: Job job_local1994073196_0001 completed successfully
17/03/14 22:20:09 INFO mapreduce.Job: Counters: 20
	File System Counters
		FILE: Number of bytes read=4157
		FILE: Number of bytes written=286184
		FILE: Number of read operations=0
		FILE: Number of large read operations=0
		FILE: Number of write operations=0
		HDFS: Number of bytes read=713
		HDFS: Number of bytes written=301
		HDFS: Number of read operations=7
		HDFS: Number of large read operations=0
		HDFS: Number of write operations=4
	Map-Reduce Framework
		Map input records=25
		Map output records=25
		Input split bytes=104
		Spilled Records=0
		Failed Shuffles=0
		Merged Map outputs=0
		GC time elapsed (ms)=0
		Total committed heap usage (bytes)=192413696
	File Input Format Counters 
		Bytes Read=713
	File Output Format Counters 
		Bytes Written=301
hdfs://localhost:54310/ass6/output/_SUCCESS
hdfs://localhost:54310/ass6/output/part-m-00000

Line	First	Second	Maximum
no 	Column	Column

1	14	5	14
2	4	39	39
3	45	59	59
4	7	9	9
5	8	66	66
6	77	41	77
7	10	89	89
8	7	5	7
9	41	45	45
10	44	888	888
11	144	5	144
12	4	396	396
13	45	598	598
14	7	9	9
15	87	66	87
16	79	41	79
17	100	89	100
18	7	501	501
19	414	451	451
20	444	1	444
21	447	39	447
22	45	596	596
23	787	999	999
24	8	66	66
25	777	541	777

Overall Maximum: 999

hduser@samkit-laptop:/home/samkit5495$ 

